counter bytes_total {operation=sent} 62793673 2011-02-23T05:54:10Z
counter bytes_total {operation=received} 975017 2011-02-23T05:54:10Z
counter connections_total 52 2011-02-22T21:54:13Z
